
[versions]
kotlin-version = "2.0.21"
ktor-version = "3.0.1"
logback-version = "1.4.14"

[libraries]
ktor-server-content-negotiation = { module = "io.ktor:ktor-server-content-negotiation", version.ref = "ktor-version" }
logback-classic = { module = "ch.qos.logback:logback-classic", version.ref = "logback-version" }

[plugins]
kotlin-jvm = { id = "org.jetbrains.kotlin.jvm", version.ref = "kotlin-version" }
ktor = { id = "io.ktor.plugin", version.ref = "ktor-version" }
