plugins {
    alias(libs.plugins.kotlin.jvm)
    alias(libs.plugins.kotlin.serialization)
}

repositories {
    mavenCentral()
}

dependencies {
    implementation(libs.ktor.serialization.kotlinx.json)
}
