plugins {
    kotlin("jvm") version "2.0.20"
}

repositories {
    mavenCentral()
}

val ktorVersion = "3.0.1"

dependencies {
    implementation("io.ktor:ktor-server-core:$ktorVersion")
    implementation("io.ktor:ktor-server-content-negotiation:$ktorVersion")
}
