
plugins {
    alias(libs.plugins.kotlin.jvm)
    alias(libs.plugins.ktor)
}

group = "com.example.com"
version = "0.0.1"

application {
    mainClass.set("io.ktor.server.netty.EngineMain")

    val isDevelopment: Boolean = project.ext.has("development")
    applicationDefaultJvmArgs = listOf("-Dio.ktor.development=$isDevelopment")
}

repositories {
    mavenCentral()
}

dependencies {
    implementation(libs.ktor.server.core2)
    implementation(libs.ktor.server.netty)
    implementation(libs.logback.classic)
    implementation(libs.ktor.server.config.yaml)
    testImplementation(libs.ktor.server.test.host)
    testImplementation(libs.kotlin.test.junit)
}
