plugins {
    kotlin("jvm") version "2.0.20"
}

repositories {
    mavenCentral()
}

dependencies {
    implementation(libs.ktor.server.content.negotiation)
}
