plugins {
    kotlin("jvm") version "2.0.20"
    kotlin("plugin.serialization") version "2.0.20"
    id("io.ktor.plugin") version "3.0.1"
}

repositories {
    mavenCentral()
}

dependencies {
    implementation("io.ktor:ktor-server-webjars")
    implementation("io.ktor:ktor-serialization-kotlinx-json")
}
